
[1m[46m RUN [49m[22m [36mv4.0.17 [39m[90mC:/Users/Contenido/Desktop/comand-center[39m

node.exe : [31mNo 
test files found, 
exiting with code 1
At line:1 char:1
+ & "C:\Program Files\
nodejs/node.exe" 
"C:\Program 
Files\nodejs/node_mo 
...
+ ~~~~~~~~~~~~~~~~~~~~
~~~~~~~~~~~~~~~~~~~~~~
~~~~~~~~~~~~~~~~~~~~~~
~~~~~
    + CategoryInfo    
          : NotSpeci  
  fied: ([31mNo te   
 st fi...ing with     
code 1:String) []    
, RemoteException
    + FullyQualifiedE 
   rrorId : NativeCo  
  mmandError
 
[39m
[2mfilter: [22m[33m
src/__tests__/stress/c
oncurrent-edits.stress
.ts[39m
[2minclude: [22m[33
m**/*.{test,spec}.?(c|
m)[jt]s?(x)[39m
[2mexclude:  [22m[3
3m**/node_modules/**[
2m, 
[22m**/.git/**[39m

